read 1 points
12.29, 24.18
This is not a triangle
