read 10 points
-26.20, 4.42
-13.00, 10.39
2.32, 24.13
This is a triangle
