read 6 points
-37.37, 20.48
14.19, -4.09
-4.69, -0.50
This is a triangle
