read 5 points
45.60, 44.78
33.55, 23.60
10.59, 10.68
This is a triangle
