read 3 points
12.29, 24.18
29.52, 44.25
23.99, 42.23
This is a triangle
