45.60, 44.78
-44.34, -41.51
33.55, 23.60
16.97, -19.19
10.59, 10.68
