read 5 points
-26.20, 4.42
-13.00, 10.39
-24.06, -26.57
This is a triangle
