Black wins!
A1J2B2H3C3H5D4E12E5
Thank you for playing!
