Black wins!
B15A12B14A18B13H2B16D4B17
Thank you for playing!
